// Jest Snapshot v1, https://goo.gl/fbAQLP

exports[`module should export a stable API 1`] = `
Object {
  "DEFAULT_PREFIX": "sess:",
  "DEFAULT_TTL": 86400,
  "RedisStore": [Function],
  "default": [Function],
}
`;
